

================================================================
== Vitis HLS Report for 'ZipperRemoval'
================================================================
* Date:           Sun Jun 16 23:48:30 2024

* Version:        2024.1 (Build 5069499 on May 21 2024)
* Project:        prj
* Solution:       sol (Vivado IP Flow Target)
* Product family: zynquplus
* Target device:  xck26-sfvc784-2LV-c


================================================================
== Performance Estimates
================================================================
+ Timing: 
    * Summary: 
    +--------+---------+----------+------------+
    |  Clock |  Target | Estimated| Uncertainty|
    +--------+---------+----------+------------+
    |ap_clk  |  6.73 ns|  3.188 ns|     1.82 ns|
    +--------+---------+----------+------------+

+ Latency: 
    * Summary: 
    +---------+------------+----------+------------+-----+------------+---------+
    |   Latency (cycles)   |   Latency (absolute)  |     Interval     | Pipeline|
    |   min   |     max    |    min   |     max    | min |     max    |   Type  |
    +---------+------------+----------+------------+-----+------------+---------+
    |        1|  4295360506|  6.734 ns|  28.925 sec|    1|  4295360506|       no|
    +---------+------------+----------+------------+-----+------------+---------+

    + Detail: 
        * Instance: 
        +-----------------------------------------------------+------------------------------------------+---------+---------+-----------+----------+-----+-------+-----------------------------------------------+
        |                                                     |                                          |  Latency (cycles) |  Latency (absolute)  |   Interval  |                    Pipeline                   |
        |                       Instance                      |                  Module                  |   min   |   max   |    min    |    max   | min |  max  |                      Type                     |
        +-----------------------------------------------------+------------------------------------------+---------+---------+-----------+----------+-----+-------+-----------------------------------------------+
        |grp_ZipperRemoval_Pipeline_VITIS_LOOP_1101_2_fu_104  |ZipperRemoval_Pipeline_VITIS_LOOP_1101_2  |        5|    65540|  33.670 ns|  0.441 ms|    2|  65537|  loop auto-rewind stp(delay=0 clock cycles(s))|
        +-----------------------------------------------------+------------------------------------------+---------+---------+-----------+----------+-----+-------+-----------------------------------------------+

        * Loop: 
        +---------------------+---------+------------+-----------+-----------+-----------+-----------+----------+
        |                     |   Latency (cycles)   | Iteration |  Initiation Interval  |    Trip   |          |
        |      Loop Name      |   min   |     max    |  Latency  |  achieved |   target  |   Count   | Pipelined|
        +---------------------+---------+------------+-----------+-----------+-----------+-----------+----------+
        |- VITIS_LOOP_1099_1  |        0|  4295360505|  8 ~ 65543|          -|          -|  0 ~ 65535|        no|
        +---------------------+---------+------------+-----------+-----------+-----------+-----------+----------+



================================================================
== Utilization Estimates
================================================================
* Summary: 
+-----------------+---------+------+--------+--------+-----+
|       Name      | BRAM_18K|  DSP |   FF   |   LUT  | URAM|
+-----------------+---------+------+--------+--------+-----+
|DSP              |        -|     -|       -|       -|    -|
|Expression       |        -|     -|       0|      72|    -|
|FIFO             |        -|     -|       -|       -|    -|
|Instance         |        -|     -|     189|     545|    -|
|Memory           |        -|     -|       -|       -|    -|
|Multiplexer      |        -|     -|       0|     143|    -|
|Register         |        -|     -|     154|       -|    -|
+-----------------+---------+------+--------+--------+-----+
|Total            |        0|     0|     343|     760|    0|
+-----------------+---------+------+--------+--------+-----+
|Available        |      288|  1248|  234240|  117120|   64|
+-----------------+---------+------+--------+--------+-----+
|Utilization (%)  |        0|     0|      ~0|      ~0|    0|
+-----------------+---------+------+--------+--------+-----+

+ Detail: 
    * Instance: 
    +-----------------------------------------------------+------------------------------------------+---------+----+-----+-----+-----+
    |                       Instance                      |                  Module                  | BRAM_18K| DSP|  FF | LUT | URAM|
    +-----------------------------------------------------+------------------------------------------+---------+----+-----+-----+-----+
    |grp_ZipperRemoval_Pipeline_VITIS_LOOP_1101_2_fu_104  |ZipperRemoval_Pipeline_VITIS_LOOP_1101_2  |        0|   0|  189|  545|    0|
    +-----------------------------------------------------+------------------------------------------+---------+----+-----+-----+-----+
    |Total                                                |                                          |        0|   0|  189|  545|    0|
    +-----------------------------------------------------+------------------------------------------+---------+----+-----+-----+-----+

    * DSP: 
    N/A

    * Memory: 
    N/A

    * FIFO: 
    N/A

    * Expression: 
    +-----------------------+----------+----+---+----+------------+------------+
    |     Variable Name     | Operation| DSP| FF| LUT| Bitwidth P0| Bitwidth P1|
    +-----------------------+----------+----+---+----+------------+------------+
    |loopWidth_fu_130_p2    |         +|   0|  0|  24|          17|           1|
    |y_2_fu_189_p2          |         +|   0|  0|  23|          16|           1|
    |icmp_ln1099_fu_184_p2  |      icmp|   0|  0|  23|          16|          16|
    |ap_block_state1        |        or|   0|  0|   2|           1|           1|
    +-----------------------+----------+----+---+----+------------+------------+
    |Total                  |          |   0|  0|  72|          50|          19|
    +-----------------------+----------+----+---+----+------------+------------+

    * Multiplexer: 
    +---------------------------------+----+-----------+-----+-----------+
    |               Name              | LUT| Input Size| Bits| Total Bits|
    +---------------------------------+----+-----------+-----+-----------+
    |ap_NS_fsm                        |  26|          5|    1|          5|
    |ap_done                          |   9|          2|    1|          2|
    |conv2_i_i_lcssa687_fu_76         |   9|          2|    7|         14|
    |imgRgb_read                      |   9|          2|    1|          2|
    |imgUnzip_write                   |   9|          2|    1|          2|
    |p_0_0_0477655_lcssa668693_fu_88  |   9|          2|   10|         20|
    |p_0_0_0478653_lcssa666691_fu_84  |   9|          2|   10|         20|
    |p_0_0_0479657_lcssa664689_fu_80  |   9|          2|   10|         20|
    |p_0_0_0480_1_lcssa685_fu_72      |   9|          2|   10|         20|
    |p_0_0_0481_1_lcssa683_fu_68      |   9|          2|   10|         20|
    |p_0_0_0482_1_lcssa681_fu_64      |   9|          2|   10|         20|
    |p_0_0_0483_1_lcssa679_fu_60      |   9|          2|   10|         20|
    |real_start                       |   9|          2|    1|          2|
    |y_fu_56                          |   9|          2|   16|         32|
    +---------------------------------+----+-----------+-----+-----------+
    |Total                            | 143|         31|   98|        199|
    +---------------------------------+----+-----------+-----+-----------+

    * Register: 
    +------------------------------------------------------------------+----+----+-----+-----------+
    |                               Name                               | FF | LUT| Bits| Const Bits|
    +------------------------------------------------------------------+----+----+-----+-----------+
    |ap_CS_fsm                                                         |   4|   0|    4|          0|
    |ap_done_reg                                                       |   1|   0|    1|          0|
    |conv2_i_i_lcssa687_fu_76                                          |   7|   0|    7|          0|
    |conv2_i_i_lcssa687_load_reg_289                                   |   7|   0|    7|          0|
    |grp_ZipperRemoval_Pipeline_VITIS_LOOP_1101_2_fu_104_ap_start_reg  |   1|   0|    1|          0|
    |loopWidth_reg_281                                                 |  17|   0|   17|          0|
    |p_0_0_0477655_lcssa668693_fu_88                                   |  10|   0|   10|          0|
    |p_0_0_0477655_lcssa668693_load_reg_304                            |  10|   0|   10|          0|
    |p_0_0_0478653_lcssa666691_fu_84                                   |  10|   0|   10|          0|
    |p_0_0_0478653_lcssa666691_load_reg_299                            |  10|   0|   10|          0|
    |p_0_0_0479657_lcssa664689_fu_80                                   |  10|   0|   10|          0|
    |p_0_0_0479657_lcssa664689_load_reg_294                            |  10|   0|   10|          0|
    |p_0_0_0480_1_lcssa685_fu_72                                       |  10|   0|   10|          0|
    |p_0_0_0481_1_lcssa683_fu_68                                       |  10|   0|   10|          0|
    |p_0_0_0482_1_lcssa681_fu_64                                       |  10|   0|   10|          0|
    |p_0_0_0483_1_lcssa679_fu_60                                       |  10|   0|   10|          0|
    |start_once_reg                                                    |   1|   0|    1|          0|
    |y_fu_56                                                           |  16|   0|   16|          0|
    +------------------------------------------------------------------+----+----+-----+-----------+
    |Total                                                             | 154|   0|  154|          0|
    +------------------------------------------------------------------+----+----+-----+-----------+



================================================================
== Interface
================================================================
* Summary: 
+-------------------------+-----+-----+------------+---------------+--------------+
|        RTL Ports        | Dir | Bits|  Protocol  | Source Object |    C Type    |
+-------------------------+-----+-----+------------+---------------+--------------+
|ap_clk                   |   in|    1|  ap_ctrl_hs|  ZipperRemoval|  return value|
|ap_rst                   |   in|    1|  ap_ctrl_hs|  ZipperRemoval|  return value|
|ap_start                 |   in|    1|  ap_ctrl_hs|  ZipperRemoval|  return value|
|start_full_n             |   in|    1|  ap_ctrl_hs|  ZipperRemoval|  return value|
|ap_done                  |  out|    1|  ap_ctrl_hs|  ZipperRemoval|  return value|
|ap_continue              |   in|    1|  ap_ctrl_hs|  ZipperRemoval|  return value|
|ap_idle                  |  out|    1|  ap_ctrl_hs|  ZipperRemoval|  return value|
|ap_ready                 |  out|    1|  ap_ctrl_hs|  ZipperRemoval|  return value|
|start_out                |  out|    1|  ap_ctrl_hs|  ZipperRemoval|  return value|
|start_write              |  out|    1|  ap_ctrl_hs|  ZipperRemoval|  return value|
|imgRgb_dout              |   in|   30|     ap_fifo|         imgRgb|       pointer|
|imgRgb_num_data_valid    |   in|    3|     ap_fifo|         imgRgb|       pointer|
|imgRgb_fifo_cap          |   in|    3|     ap_fifo|         imgRgb|       pointer|
|imgRgb_empty_n           |   in|    1|     ap_fifo|         imgRgb|       pointer|
|imgRgb_read              |  out|    1|     ap_fifo|         imgRgb|       pointer|
|imgUnzip_din             |  out|   30|     ap_fifo|       imgUnzip|       pointer|
|imgUnzip_num_data_valid  |   in|    3|     ap_fifo|       imgUnzip|       pointer|
|imgUnzip_fifo_cap        |   in|    3|     ap_fifo|       imgUnzip|       pointer|
|imgUnzip_full_n          |   in|    1|     ap_fifo|       imgUnzip|       pointer|
|imgUnzip_write           |  out|    1|     ap_fifo|       imgUnzip|       pointer|
|height                   |   in|   16|   ap_stable|         height|        scalar|
|width                    |   in|   16|   ap_stable|          width|        scalar|
+-------------------------+-----+-----+------------+---------------+--------------+

